[backblue.gif]
[fade.gif]
[index.html]
[video.cosmos.studio/cosmos-opengraph.png]
[video.cosmos.studio/IK.mp4]
[video.cosmos.studio/DD.mp4]
[video.cosmos.studio/SK.mp4]
[video.cosmos.studio/OP.mp4]
[video.cosmos.studio/ASH.mp4]
[video.cosmos.studio/OB.mp4]
[www.cosmos.studio/index.html]
[video.cosmos.studio/OH.mp4]
[www.cosmos.studio/xa5e8du3i6ydNjQzNTRhMDhmZjRkZDE1YzI1MzkzNzJi/JMkMQJz3ujK6mJ-DmDiPmxGu5yA]
[www.cosmos.studio/works.html]
[video.cosmos.studio/octy_web_poster.mp4]
[video.cosmos.studio/Identity_OCTY.mp4]
[video.cosmos.studio/Tape_OCTY.mp4]
[video.cosmos.studio/Font_OCTY.mp4]
[video.cosmos.studio/Concept_OCTY.mp4]
[video.cosmos.studio/Website_OCTY.mp4]
[www.cosmos.studio/projects/octy.html]
[video.cosmos.studio/Animation_OCTY.mp4]
[video.cosmos.studio/Logo_JobCannon.mp4]
[video.cosmos.studio/Instagram_JobCannon.mp4]
[www.cosmos.studio/projects/job-cannon.html]
[video.cosmos.studio/jobcannon_text.mp4]
[video.cosmos.studio/Video5_Simply_Contact.mp4]
[video.cosmos.studio/Homepage.mp4]
[video.cosmos.studio/Micro_animation.mp4]
[video.cosmos.studio/Video1_Simply_Contact.mp4]
[video.cosmos.studio/Video2_Simply_Contact.mp4]
[video.cosmos.studio/Video3_Simply_Contact.mp4]
[video.cosmos.studio/Templates_Simply_Contact.mp4]
[www.cosmos.studio/projects/simply-contact.html]
[video.cosmos.studio/Video4_Simply_Contact.mp4]
[video.cosmos.studio/Procamp_Main.mp4]
[video.cosmos.studio/Procamp_Instagram.mp4]
[video.cosmos.studio/Procamp_Main Page Scroll.mp4]
[video.cosmos.studio/Последовательность 01_10.mp4]
[video.cosmos.studio/Последовательность 05.mp4]
[video.cosmos.studio/Последовательность 06.mp4]
[video.cosmos.studio/Procamp_Visual Text.mp4]
[www.cosmos.studio/projects/procamp.html]
[www.cosmos.studio/projects/edway.html]
[video.cosmos.studio/edway_video.mp4]
[video.cosmos.studio/Skylight Scroll.mp4]
[video.cosmos.studio/Skylight Design Concepts.mp4]
[video.cosmos.studio/Skylight Main Screen.mp4]
[video.cosmos.studio/How it works.mp4]
[www.cosmos.studio/projects/skylight.html]
[video.cosmos.studio/Последовательность 01_21.mp4]
[video.cosmos.studio/04.mp4]
[video.cosmos.studio/05.mp4]
[video.cosmos.studio/06.mp4]
[video.cosmos.studio/07.mp4]
[www.cosmos.studio/projects/umami-view.html]
[video.cosmos.studio/UmamiView _ Themes.mp4]
[video.cosmos.studio/Sirius_1.mp4]
[video.cosmos.studio/Sirius_3.mp4]
[video.cosmos.studio/Sirius_2.mp4]
[video.cosmos.studio/Sirius_5.mp4]
[video.cosmos.studio/Sirius_7.mp4]
[video.cosmos.studio/Sirius_8.mp4]
[video.cosmos.studio/Features (1440p with 30fps) (1).mp4]
[video.cosmos.studio/Последовательность 01_1_2.mp4]
[video.cosmos.studio/Последовательность 01_3.mp4]
[video.cosmos.studio/Последовательность 01_5.mp4]
[video.cosmos.studio/Последовательность 01_4.mp4]
[www.cosmos.studio/projects/sirius.html]
[video.cosmos.studio/30ua _Home.mp4]
[video.cosmos.studio/30ua_Sport.mp4]
[video.cosmos.studio/30ua_Business & IT.mp4]
[video.cosmos.studio/30ua_Science & Technology.mp4]
[video.cosmos.studio/30ua_Art & Cinema.mp4]
[video.cosmos.studio/Музика.mp4]
[video.cosmos.studio/Tourism.mp4]
[video.cosmos.studio/30ua_Interactivity.mp4]
[video.cosmos.studio/30ua_Congratulations.mp4]
[www.cosmos.studio/projects/30ua.html]
[video.cosmos.studio/02_site_with_music.mp4]
[video.cosmos.studio/03_mobile.mp4]
[video.cosmos.studio/04_crocs_divider.mp4]
[video.cosmos.studio/05_crocs_mouth.mp4]
[video.cosmos.studio/07_water_drop.mp4]
[video.cosmos.studio/09_cards.mp4]
[video.cosmos.studio/10_grid.mp4]
[video.cosmos.studio/11_roadmap.mp4]
[www.cosmos.studio/projects/crocs-club.html]
[video.cosmos.studio/12_sounds.mp4]
[video.cosmos.studio/the_23_intro.mp4]
[www.cosmos.studio/projects/the-23.html]
[www.cosmos.studio/awards-sites/awwwards.html]
[www.cosmos.studio/awards-sites/thefwa.html]
[www.cosmos.studio/awards-sites/css-design-awards.html]
[www.cosmos.studio/awards-sites/css-winner.html]
[www.cosmos.studio/awards/site-of-the-day.html]
[www.cosmos.studio/awards/developer-award.html]
[www.cosmos.studio/awards/honorable-mention.html]
[www.cosmos.studio/awards/mobile-excellence.html]
[www.cosmos.studio/awards/special-kudos-award.html]
[www.cosmos.studio/awards/ux-design-award.html]
[www.cosmos.studio/awards/ui-design-award.html]
[www.cosmos.studio/awards/innovation-design-award.html]
[www.cosmos.studio/awards/website-of-the-day.html]
[www.cosmos.studio/awards/great-website.html]
[www.cosmos.studio/awards/fwa-of-the-day.html]
[www.cosmos.studio/awards/site-of-the-day-2.html]
[www.cosmos.studio/projects/acrode.html]
[www.cosmos.studio/projects/jessy-grossi.html]
[video.cosmos.studio/the23_brandbook.mp4]
[www.cosmos.studio/projects/plarium.html]
[www.cosmos.studio/projects/umami-ware.html]
[www.cosmos.studio/projects/kulbachny.html]
[www.cosmos.studio/projects/hope-partners.html]
[www.cosmos.studio/projects/kyrylo-prytula.html]
[video.cosmos.studio/Plarium_1_1.mp4]
[video.cosmos.studio/All.mov.mp4]
[video.cosmos.studio/Before-After.mp4]
[video.cosmos.studio/Details.mp4]
[video.cosmos.studio/Scroll (1440p with 60fps).mp4]
[www.cosmos.studio/projects/edcamp.html]
[video.cosmos.studio/Design_Concept.mp4]
[video.cosmos.studio/Scroll.mp4]
[video.cosmos.studio/Mobile_First.mp4]
[video.cosmos.studio/Photo_ZEUSS.mp4]
[video.cosmos.studio/Behance-Zeuss.mp4]
[www.cosmos.studio/projects/zeuss.html]
[video.cosmos.studio/Sportfaction_1.mp4]
[video.cosmos.studio/Sportfaction_2.mp4]
[video.cosmos.studio/Sportfaction_3.mp4]
[video.cosmos.studio/Sportfaction_4.mp4]
[video.cosmos.studio/Sportfaction_5.mp4]
[video.cosmos.studio/Sportfaction_6.mp4]
[video.cosmos.studio/Sportfaction_7.mp4]
[www.cosmos.studio/projects/sportfaction.html]
[video.cosmos.studio/Loamly_1.mp4]
[video.cosmos.studio/Loamly_2.mp4]
[video.cosmos.studio/Loamly_3.mp4]
[www.cosmos.studio/projects/loamly.html]
[video.cosmos.studio/Loamly_4.mp4]
[video.cosmos.studio/Remroom_1.2.mp4]
[www.cosmos.studio/projects/remroom.html]
[www.cosmos.studio/projects/ply.html]
[video.cosmos.studio/Neo Vision_2.1.mp4]
[video.cosmos.studio/Neo Vision_3.mp4]
[video.cosmos.studio/Neo Vision_6.mp4]
[video.cosmos.studio/Neo Vision_5.mp4]
[video.cosmos.studio/Neo Vision_7.mp4]
[www.cosmos.studio/projects/neo-vision.html]
[video.cosmos.studio/Neo Vision_8.mp4]
[www.cosmos.studio/projects/yawn.html]
[video.cosmos.studio/yawn_1.mp4]
[video.cosmos.studio/Make it real.mp4]
[video.cosmos.studio/Make it real_2.mp4]
[video.cosmos.studio/Make it real_3.mp4]
[video.cosmos.studio/Make it real_4.mp4]
[video.cosmos.studio/Make it real_5.mp4]
[www.cosmos.studio/projects/make-it-real.html]
[video.cosmos.studio/Talis_1.mp4]
[video.cosmos.studio/Talis_2.mp4]
[www.cosmos.studio/projects/talis.html]
[video.cosmos.studio/Talis_3.mp4]
[video.cosmos.studio/Numo_3.mp4]
[video.cosmos.studio/Numo_1(1).mp4]
[video.cosmos.studio/Numo_4.mp4]
[video.cosmos.studio/Animation1_Numo.mp4]
[video.cosmos.studio/Numo_6.mp4]
[www.cosmos.studio/projects/numo.html]
[video.cosmos.studio/Exoform_1.1.mp4]
[www.cosmos.studio/projects/exoform.html]
[video.cosmos.studio/Exoform_2.mp4]
[video.cosmos.studio/solochat_video.mp4]
[www.cosmos.studio/projects/solochat.html]
[video.cosmos.studio/solochat_voice.mp4]
[video.cosmos.studio/Povir_1.mp4]
[video.cosmos.studio/Povir_2.mp4]
[www.cosmos.studio/projects/povir.html]
[video.cosmos.studio/Povir_3.mp4]
[video.cosmos.studio/Последовательность 01_6.mp4]
[video.cosmos.studio/Последовательность 08.mp4]
[www.cosmos.studio/projects/fastmates.html]
[www.cosmos.studio/+/index.html]
[www.cosmos.studio/Edg/index.html]
[www.cosmos.studio/EdgA/index.html]
[www.cosmos.studio/EdgiOS/index.html]
[www.cosmos.studio/analytics.html]
[www.cosmos.studio/_/service_worker/index.html]
[www.cosmos.studio/sw_iframe.html]
[www.cosmos.studio/c.html]
[www.cosmos.studio/Mc.html]
[www.cosmos.studio/gtm.html]
[www.cosmos.studio/b.blockedURI.html]
[www.cosmos.studio/embed/index.html]
[www.cosmos.studio/a.html]
[www.cosmos.studio/e.path,w.location.origin.html]
